2026-10-09T09:58:26.9800838Z edit-start-1 unity 'command' 'run_tests' '--caller' 'plugin' '--skill' 'unity-cli' '--project-path' 'C:\Users\jblic\Desktop\Bomb\.worktrees\blast-conformance-probe' '--format' 'json' '--' '--mode' 'editor' '--filter' 'Bomb.CanonicalDestruction.EditModeTests' '--filter_type' 'assembly' '--async_tests' 'true' '--timeout' '300'
2026-10-09T09:58:45.1630017Z edit-status-1 unity 'command' 'test_status' '--caller' 'plugin' '--skill' 'unity-cli' '--project-path' 'C:\Users\jblic\Desktop\Bomb\.worktrees\blast-conformance-probe' '--format' 'json'
2026-10-09T10:00:04.1638107Z compiler-1 unity 'command' 'recompile_status' '--caller' 'plugin' '--skill' 'unity-cli' '--project-path' 'C:\Users\jblic\Desktop\Bomb\.worktrees\blast-conformance-probe' '--format' 'json'
2026-10-09T10:00:43.9976479Z compiler-2 unity 'command' 'recompile_status' '--caller' 'plugin' '--skill' 'unity-cli' '--project-path' 'C:\Users\jblic\Desktop\Bomb\.worktrees\blast-conformance-probe' '--format' 'json'
2026-10-09T10:01:08.2705542Z edit-start-2 unity 'command' 'run_tests' '--caller' 'plugin' '--skill' 'unity-cli' '--project-path' 'C:\Users\jblic\Desktop\Bomb\.worktrees\blast-conformance-probe' '--format' 'json' '--' '--mode' 'editor' '--filter' 'Bomb.CanonicalDestruction.EditModeTests' '--filter_type' 'assembly' '--async_tests' 'true' '--timeout' '300'
2026-10-09T10:01:37.2140065Z edit-status-2 unity 'command' 'test_status' '--caller' 'plugin' '--skill' 'unity-cli' '--project-path' 'C:\Users\jblic\Desktop\Bomb\.worktrees\blast-conformance-probe' '--format' 'json'
2026-10-09T10:03:54.0287689Z compiler-3 unity 'command' 'recompile_status' '--caller' 'plugin' '--skill' 'unity-cli' '--project-path' 'C:\Users\jblic\Desktop\Bomb\.worktrees\blast-conformance-probe' '--format' 'json'
2026-10-09T10:05:15.1868441Z compiler-4 unity 'command' 'recompile_status' '--caller' 'plugin' '--skill' 'unity-cli' '--project-path' 'C:\Users\jblic\Desktop\Bomb\.worktrees\blast-conformance-probe' '--format' 'json'
2026-10-09T10:14:19.3996481Z compiler-6 unity 'command' 'recompile_status' '--caller' 'plugin' '--skill' 'unity-cli' '--project-path' 'C:\Users\jblic\Desktop\Bomb\.worktrees\blast-conformance-probe' '--format' 'json'
2026-10-09T10:14:51.5353107Z compile-final-start unity 'command' 'recompile' '--caller' 'plugin' '--skill' 'unity-cli' '--project-path' 'C:\Users\jblic\Desktop\Bomb\.worktrees\blast-conformance-probe' '--format' 'json'
2026-10-09T10:14:58.0255430Z edit-final-start unity 'command' 'run_tests' '--caller' 'plugin' '--skill' 'unity-cli' '--project-path' 'C:\Users\jblic\Desktop\Bomb\.worktrees\blast-conformance-probe' '--format' 'json' '--' '--mode' 'editor' '--filter' 'Bomb.CanonicalDestruction.EditModeTests' '--filter_type' 'assembly' '--async_tests' 'true' '--timeout' '300'
2026-10-09T10:15:11.7431232Z edit-final-status unity 'command' 'test_status' '--caller' 'plugin' '--skill' 'unity-cli' '--project-path' 'C:\Users\jblic\Desktop\Bomb\.worktrees\blast-conformance-probe' '--format' 'json'
2026-10-09T10:18:06.4295057Z compiler-7 unity 'command' 'recompile_status' '--caller' 'plugin' '--skill' 'unity-cli' '--project-path' 'C:\Users\jblic\Desktop\Bomb\.worktrees\blast-conformance-probe' '--format' 'json'
2026-10-09T10:18:21.4920427Z edit-reviewed-start unity 'command' 'run_tests' '--caller' 'plugin' '--skill' 'unity-cli' '--project-path' 'C:\Users\jblic\Desktop\Bomb\.worktrees\blast-conformance-probe' '--format' 'json' '--' '--mode' 'editor' '--filter' 'Bomb.CanonicalDestruction.EditModeTests' '--filter_type' 'assembly' '--async_tests' 'true' '--timeout' '300'
2026-10-09T10:18:58.0375071Z edit-reviewed-status unity 'command' 'test_status' '--caller' 'plugin' '--skill' 'unity-cli' '--project-path' 'C:\Users\jblic\Desktop\Bomb\.worktrees\blast-conformance-probe' '--format' 'json'
2026-10-09T10:19:33.4343172Z play-final-start unity 'command' 'run_tests' '--caller' 'plugin' '--skill' 'unity-cli' '--project-path' 'C:\Users\jblic\Desktop\Bomb\.worktrees\blast-conformance-probe' '--format' 'json' '--' '--mode' 'playmode' '--filter' 'Bomb.CanonicalDestruction.PlayModeTests' '--filter_type' 'assembly' '--async_tests' 'true' '--timeout' '300'
2026-10-09T10:20:54.4677461Z play-final-status unity 'command' 'test_status' '--caller' 'plugin' '--skill' 'unity-cli' '--project-path' 'C:\Users\jblic\Desktop\Bomb\.worktrees\blast-conformance-probe' '--format' 'json'
2026-10-09T10:22:53.8929101Z console-counts unity 'command' 'console_status' '--caller' 'plugin' '--skill' 'unity-cli' '--project-path' 'C:\Users\jblic\Desktop\Bomb\.worktrees\blast-conformance-probe' '--format' 'json'
2026-10-09T10:22:54.9231252Z console-current unity 'command' 'console' '--caller' 'plugin' '--skill' 'unity-cli' '--project-path' 'C:\Users\jblic\Desktop\Bomb\.worktrees\blast-conformance-probe' '--format' 'json' '--' '--tail' '200' '--level' 'warn'
2026-10-09T10:25:29.6176096Z compiler-final unity 'command' 'recompile_status' '--caller' 'plugin' '--skill' 'unity-cli' '--project-path' 'C:\Users\jblic\Desktop\Bomb\.worktrees\blast-conformance-probe' '--format' 'json'
2026-10-09T10:25:32.9251136Z edit-complete-start unity 'command' 'run_tests' '--caller' 'plugin' '--skill' 'unity-cli' '--project-path' 'C:\Users\jblic\Desktop\Bomb\.worktrees\blast-conformance-probe' '--format' 'json' '--' '--mode' 'editor' '--filter' 'Bomb.CanonicalDestruction.EditModeTests' '--filter_type' 'assembly' '--async_tests' 'true' '--timeout' '300'
2026-10-09T10:26:19.0734423Z edit-complete-status unity 'command' 'test_status' '--caller' 'plugin' '--skill' 'unity-cli' '--project-path' 'C:\Users\jblic\Desktop\Bomb\.worktrees\blast-conformance-probe' '--format' 'json'
2026-10-09T10:27:16.8525419Z final-editor-state unity 'command' 'eval_file' '--caller' 'plugin' '--skill' 'unity-cli' '--project-path' 'C:\Users\jblic\Desktop\Bomb\.worktrees\blast-conformance-probe' '--format' 'json' '--' '--file' 'C:\Users\jblic\Desktop\Bomb\.worktrees\blast-conformance-probe\Docs\BlastConformanceEvidence\2026-10-09-phase2\FinalEditorState.cs' '--timeout' '20000'
2026-10-09T10:27:24.7670914Z final-scene-state unity 'command' 'list_open_scenes' '--caller' 'plugin' '--skill' 'unity-cli' '--project-path' 'C:\Users\jblic\Desktop\Bomb\.worktrees\blast-conformance-probe' '--format' 'json'
2026-10-09T10:28:04.5358681Z fan-final-measurement unity 'command' 'eval_file' '--caller' 'plugin' '--skill' 'unity-cli' '--project-path' 'C:\Users\jblic\Desktop\Bomb\.worktrees\blast-conformance-probe' '--format' 'json' '--' '--file' 'C:\Users\jblic\Desktop\Bomb\.worktrees\blast-conformance-probe\Docs\BlastConformanceEvidence\2026-10-09-phase2\MeasureFan.cs' '--timeout' '20000'
