2026-10-09T10:47:50.3068909Z interpolation-import unity 'command' 'eval_file' '--caller' 'plugin' '--skill' 'unity-cli' '--project-path' 'C:\Users\jblic\Desktop\Bomb\.worktrees\blast-conformance-probe' '--format' 'json' '--' '--file' 'C:\Users\jblic\Desktop\Bomb\.worktrees\blast-conformance-probe\Docs\BlastConformanceEvidence\2026-10-09-revision-1\ImportChanges.cs' '--timeout' '20000'
2026-10-09T10:48:33.6753837Z interpolation-compiler unity 'command' 'recompile_status' '--caller' 'plugin' '--skill' 'unity-cli' '--project-path' 'C:\Users\jblic\Desktop\Bomb\.worktrees\blast-conformance-probe' '--format' 'json'
2026-10-09T10:48:34.7537696Z interpolation-field unity 'command' 'eval_file' '--caller' 'plugin' '--skill' 'unity-cli' '--project-path' 'C:\Users\jblic\Desktop\Bomb\.worktrees\blast-conformance-probe' '--format' 'json' '--' '--file' 'C:\Users\jblic\Desktop\Bomb\.worktrees\blast-conformance-probe\Docs\BlastConformanceEvidence\2026-10-09-revision-1\MeasureFan.cs' '--timeout' '20000'
2026-10-09T10:48:39.0752336Z interpolation-edit-start unity 'command' 'run_tests' '--caller' 'plugin' '--skill' 'unity-cli' '--project-path' 'C:\Users\jblic\Desktop\Bomb\.worktrees\blast-conformance-probe' '--format' 'json' '--' '--mode' 'editor' '--filter' 'Bomb.CanonicalDestruction.EditModeTests' '--filter_type' 'assembly' '--async_tests' 'true' '--timeout' '300'
2026-10-09T10:48:52.2309978Z interpolation-edit-status unity 'command' 'test_status' '--caller' 'plugin' '--skill' 'unity-cli' '--project-path' 'C:\Users\jblic\Desktop\Bomb\.worktrees\blast-conformance-probe' '--format' 'json'
2026-10-09T10:49:26.2779460Z interpolation-edit-status-2 unity 'command' 'test_status' '--caller' 'plugin' '--skill' 'unity-cli' '--project-path' 'C:\Users\jblic\Desktop\Bomb\.worktrees\blast-conformance-probe' '--format' 'json'
2026-10-09T10:52:13.5128784Z boundary-import unity 'command' 'eval_file' '--caller' 'plugin' '--skill' 'unity-cli' '--project-path' 'C:\Users\jblic\Desktop\Bomb\.worktrees\blast-conformance-probe' '--format' 'json' '--' '--file' 'C:\Users\jblic\Desktop\Bomb\.worktrees\blast-conformance-probe\Docs\BlastConformanceEvidence\2026-10-09-revision-1\ImportChanges.cs' '--timeout' '20000'
2026-10-09T10:52:30.1237843Z boundary-compiler unity 'command' 'recompile_status' '--caller' 'plugin' '--skill' 'unity-cli' '--project-path' 'C:\Users\jblic\Desktop\Bomb\.worktrees\blast-conformance-probe' '--format' 'json'
2026-10-09T10:52:32.9444054Z boundary-edit-start unity 'command' 'run_tests' '--caller' 'plugin' '--skill' 'unity-cli' '--project-path' 'C:\Users\jblic\Desktop\Bomb\.worktrees\blast-conformance-probe' '--format' 'json' '--' '--mode' 'editor' '--filter' 'Bomb.CanonicalDestruction.EditModeTests' '--filter_type' 'assembly' '--async_tests' 'true' '--timeout' '300'
2026-10-09T10:52:47.1685461Z boundary-edit-status unity 'command' 'test_status' '--caller' 'plugin' '--skill' 'unity-cli' '--project-path' 'C:\Users\jblic\Desktop\Bomb\.worktrees\blast-conformance-probe' '--format' 'json'
2026-10-09T10:53:43.4112427Z boundary-edit-status-2 unity 'command' 'test_status' '--caller' 'plugin' '--skill' 'unity-cli' '--project-path' 'C:\Users\jblic\Desktop\Bomb\.worktrees\blast-conformance-probe' '--format' 'json'
2026-10-09T10:55:24.1385006Z boundary-play-start unity 'command' 'run_tests' '--caller' 'plugin' '--skill' 'unity-cli' '--project-path' 'C:\Users\jblic\Desktop\Bomb\.worktrees\blast-conformance-probe' '--format' 'json' '--' '--mode' 'playmode' '--filter' 'Bomb.CanonicalDestruction.PlayModeTests' '--filter_type' 'assembly' '--async_tests' 'true' '--timeout' '300'
2026-10-09T10:57:23.1438862Z boundary-play-status unity 'command' 'test_status' '--caller' 'plugin' '--skill' 'unity-cli' '--project-path' 'C:\Users\jblic\Desktop\Bomb\.worktrees\blast-conformance-probe' '--format' 'json'
2026-10-09T10:58:27.7265173Z boundary-play-status-2 unity 'command' 'test_status' '--caller' 'plugin' '--skill' 'unity-cli' '--project-path' 'C:\Users\jblic\Desktop\Bomb\.worktrees\blast-conformance-probe' '--format' 'json'
2026-10-09T10:59:08.0468690Z stalled-play-editor-state unity 'command' 'eval_file' '--caller' 'plugin' '--skill' 'unity-cli' '--project-path' 'C:\Users\jblic\Desktop\Bomb\.worktrees\blast-conformance-probe' '--format' 'json' '--' '--file' 'C:\Users\jblic\Desktop\Bomb\.worktrees\blast-conformance-probe\Docs\BlastConformanceEvidence\2026-10-09-revision-1\FinalEditorState.cs' '--timeout' '20000'
2026-10-09T10:59:37.0369106Z detailed-import unity 'command' 'eval_file' '--caller' 'plugin' '--skill' 'unity-cli' '--project-path' 'C:\Users\jblic\Desktop\Bomb\.worktrees\blast-conformance-probe' '--format' 'json' '--' '--file' 'C:\Users\jblic\Desktop\Bomb\.worktrees\blast-conformance-probe\Docs\BlastConformanceEvidence\2026-10-09-revision-1\ImportChanges.cs' '--timeout' '20000'
2026-10-09T10:59:59.1379781Z detailed-play-start unity 'command' 'run_tests' '--caller' 'plugin' '--skill' 'unity-cli' '--project-path' 'C:\Users\jblic\Desktop\Bomb\.worktrees\blast-conformance-probe' '--format' 'json' '--' '--mode' 'playmode' '--filter' 'Bomb.CanonicalDestruction.PlayModeTests' '--filter_type' 'assembly' '--async_tests' 'true' '--timeout' '300'
2026-10-09T11:02:41.9190680Z detailed-play-status unity 'command' 'test_status' '--caller' 'plugin' '--skill' 'unity-cli' '--project-path' 'C:\Users\jblic\Desktop\Bomb\.worktrees\blast-conformance-probe' '--format' 'json'
2026-10-09T11:03:02.5084676Z flips-import unity 'command' 'eval_file' '--caller' 'plugin' '--skill' 'unity-cli' '--project-path' 'C:\Users\jblic\Desktop\Bomb\.worktrees\blast-conformance-probe' '--format' 'json' '--' '--file' 'C:\Users\jblic\Desktop\Bomb\.worktrees\blast-conformance-probe\Docs\BlastConformanceEvidence\2026-10-09-revision-1\ImportChanges.cs' '--timeout' '20000'
2026-10-09T11:05:38.9064688Z exact-frame-import unity 'command' 'eval_file' '--caller' 'plugin' '--skill' 'unity-cli' '--project-path' 'C:\Users\jblic\Desktop\Bomb\.worktrees\blast-conformance-probe' '--format' 'json' '--' '--file' 'C:\Users\jblic\Desktop\Bomb\.worktrees\blast-conformance-probe\Docs\BlastConformanceEvidence\2026-10-09-revision-1\ImportChanges.cs' '--timeout' '20000'
2026-10-09T11:05:42.1898339Z exact-frame-compiler unity 'command' 'recompile_status' '--caller' 'plugin' '--skill' 'unity-cli' '--project-path' 'C:\Users\jblic\Desktop\Bomb\.worktrees\blast-conformance-probe' '--format' 'json'
2026-10-09T11:05:59.6255961Z flips-edit-start unity 'command' 'run_tests' '--caller' 'plugin' '--skill' 'unity-cli' '--project-path' 'C:\Users\jblic\Desktop\Bomb\.worktrees\blast-conformance-probe' '--format' 'json' '--' '--mode' 'editor' '--filter' 'Bomb.CanonicalDestruction.EditModeTests' '--filter_type' 'assembly' '--async_tests' 'true' '--timeout' '300'
2026-10-09T11:08:11.2849855Z flips-edit-status unity 'command' 'test_status' '--caller' 'plugin' '--skill' 'unity-cli' '--project-path' 'C:\Users\jblic\Desktop\Bomb\.worktrees\blast-conformance-probe' '--format' 'json'
2026-10-09T11:08:24.2904999Z flips-play-start unity 'command' 'run_tests' '--caller' 'plugin' '--skill' 'unity-cli' '--project-path' 'C:\Users\jblic\Desktop\Bomb\.worktrees\blast-conformance-probe' '--format' 'json' '--' '--mode' 'playmode' '--filter' 'Bomb.CanonicalDestruction.PlayModeTests' '--filter_type' 'assembly' '--async_tests' 'true' '--timeout' '300'
2026-10-09T11:10:39.4946123Z flips-play-status unity 'command' 'test_status' '--caller' 'plugin' '--skill' 'unity-cli' '--project-path' 'C:\Users\jblic\Desktop\Bomb\.worktrees\blast-conformance-probe' '--format' 'json'
2026-10-09T11:16:45.7589169Z bounded-cost-import unity 'command' 'eval_file' '--caller' 'plugin' '--skill' 'unity-cli' '--project-path' 'C:\Users\jblic\Desktop\Bomb\.worktrees\blast-conformance-probe' '--format' 'json' '--' '--file' 'C:\Users\jblic\Desktop\Bomb\.worktrees\blast-conformance-probe\Docs\BlastConformanceEvidence\2026-10-09-revision-1\ImportChanges.cs' '--timeout' '20000'
2026-10-09T11:18:28.1165709Z complete-cases-import unity 'command' 'eval_file' '--caller' 'plugin' '--skill' 'unity-cli' '--project-path' 'C:\Users\jblic\Desktop\Bomb\.worktrees\blast-conformance-probe' '--format' 'json' '--' '--file' 'C:\Users\jblic\Desktop\Bomb\.worktrees\blast-conformance-probe\Docs\BlastConformanceEvidence\2026-10-09-revision-1\ImportChanges.cs' '--timeout' '20000'
2026-10-09T11:18:30.9371590Z complete-cases-compiler unity 'command' 'recompile_status' '--caller' 'plugin' '--skill' 'unity-cli' '--project-path' 'C:\Users\jblic\Desktop\Bomb\.worktrees\blast-conformance-probe' '--format' 'json'
2026-10-09T11:18:31.9540753Z complete-cases-edit-start unity 'command' 'run_tests' '--caller' 'plugin' '--skill' 'unity-cli' '--project-path' 'C:\Users\jblic\Desktop\Bomb\.worktrees\blast-conformance-probe' '--format' 'json' '--' '--mode' 'editor' '--filter' 'Bomb.CanonicalDestruction.EditModeTests' '--filter_type' 'assembly' '--async_tests' 'true' '--timeout' '300'
2026-10-09T11:19:29.3550482Z budget-compiler-confirmed unity 'command' 'recompile_status' '--caller' 'plugin' '--skill' 'unity-cli' '--project-path' 'C:\Users\jblic\Desktop\Bomb\.worktrees\blast-conformance-probe' '--format' 'json'
2026-10-09T11:19:30.3183437Z complete-cases-edit-status unity 'command' 'test_status' '--caller' 'plugin' '--skill' 'unity-cli' '--project-path' 'C:\Users\jblic\Desktop\Bomb\.worktrees\blast-conformance-probe' '--format' 'json'
2026-10-09T11:23:55.4187912Z consistent-planes-import unity 'command' 'eval_file' '--caller' 'plugin' '--skill' 'unity-cli' '--project-path' 'C:\Users\jblic\Desktop\Bomb\.worktrees\blast-conformance-probe' '--format' 'json' '--' '--file' 'C:\Users\jblic\Desktop\Bomb\.worktrees\blast-conformance-probe\Docs\BlastConformanceEvidence\2026-10-09-revision-1\ImportChanges.cs' '--timeout' '20000'
2026-10-09T11:25:06.0574110Z consistent-planes-compiler unity 'command' 'recompile_status' '--caller' 'plugin' '--skill' 'unity-cli' '--project-path' 'C:\Users\jblic\Desktop\Bomb\.worktrees\blast-conformance-probe' '--format' 'json'
2026-10-09T11:25:07.0926100Z consistent-planes-edit-start unity 'command' 'run_tests' '--caller' 'plugin' '--skill' 'unity-cli' '--project-path' 'C:\Users\jblic\Desktop\Bomb\.worktrees\blast-conformance-probe' '--format' 'json' '--' '--mode' 'editor' '--filter' 'Bomb.CanonicalDestruction.EditModeTests' '--filter_type' 'assembly' '--async_tests' 'true' '--timeout' '300'
2026-10-09T11:27:29.1793412Z consistent-planes-edit-status unity 'command' 'test_status' '--caller' 'plugin' '--skill' 'unity-cli' '--project-path' 'C:\Users\jblic\Desktop\Bomb\.worktrees\blast-conformance-probe' '--format' 'json'
2026-10-09T11:30:31.4445565Z float-safe-merge-import unity 'command' 'eval_file' '--caller' 'plugin' '--skill' 'unity-cli' '--project-path' 'C:\Users\jblic\Desktop\Bomb\.worktrees\blast-conformance-probe' '--format' 'json' '--' '--file' 'C:\Users\jblic\Desktop\Bomb\.worktrees\blast-conformance-probe\Docs\BlastConformanceEvidence\2026-10-09-revision-1\ImportChanges.cs' '--timeout' '20000'
2026-10-09T11:30:47.8331737Z float-safe-merge-compiler unity 'command' 'recompile_status' '--caller' 'plugin' '--skill' 'unity-cli' '--project-path' 'C:\Users\jblic\Desktop\Bomb\.worktrees\blast-conformance-probe' '--format' 'json'
2026-10-09T11:31:07.0618798Z float-safe-merge-edit-start unity 'command' 'run_tests' '--caller' 'plugin' '--skill' 'unity-cli' '--project-path' 'C:\Users\jblic\Desktop\Bomb\.worktrees\blast-conformance-probe' '--format' 'json' '--' '--mode' 'editor' '--filter' 'Bomb.CanonicalDestruction.EditModeTests' '--filter_type' 'assembly' '--async_tests' 'true' '--timeout' '300'
2026-10-09T11:35:53.5947454Z float-safe-merge-edit-status unity 'command' 'test_status' '--caller' 'plugin' '--skill' 'unity-cli' '--project-path' 'C:\Users\jblic\Desktop\Bomb\.worktrees\blast-conformance-probe' '--format' 'json'
2026-10-09T11:42:24.8384190Z exact-predicate-import unity 'command' 'eval_file' '--caller' 'plugin' '--skill' 'unity-cli' '--project-path' 'C:\Users\jblic\Desktop\Bomb\.worktrees\blast-conformance-probe' '--format' 'json' '--' '--file' 'C:\Users\jblic\Desktop\Bomb\.worktrees\blast-conformance-probe\Docs\BlastConformanceEvidence\2026-10-09-revision-1\ImportChanges.cs' '--timeout' '20000'
2026-10-09T11:44:58.9520678Z unchanged-cell-import unity 'command' 'eval_file' '--caller' 'plugin' '--skill' 'unity-cli' '--project-path' 'C:\Users\jblic\Desktop\Bomb\.worktrees\blast-conformance-probe' '--format' 'json' '--' '--file' 'C:\Users\jblic\Desktop\Bomb\.worktrees\blast-conformance-probe\Docs\BlastConformanceEvidence\2026-10-09-revision-1\ImportChanges.cs' '--timeout' '20000'
2026-10-09T11:45:25.2565182Z exact-predicate-compiler unity 'command' 'recompile_status' '--caller' 'plugin' '--skill' 'unity-cli' '--project-path' 'C:\Users\jblic\Desktop\Bomb\.worktrees\blast-conformance-probe' '--format' 'json'
2026-10-09T11:45:28.0889064Z exact-predicate-edit-start unity 'command' 'run_tests' '--caller' 'plugin' '--skill' 'unity-cli' '--project-path' 'C:\Users\jblic\Desktop\Bomb\.worktrees\blast-conformance-probe' '--format' 'json' '--' '--mode' 'editor' '--filter' 'Bomb.CanonicalDestruction.EditModeTests' '--filter_type' 'assembly' '--async_tests' 'true' '--timeout' '300'
2026-10-09T11:47:40.2934612Z exact-predicate-edit-status unity 'command' 'test_status' '--caller' 'plugin' '--skill' 'unity-cli' '--project-path' 'C:\Users\jblic\Desktop\Bomb\.worktrees\blast-conformance-probe' '--format' 'json'
2026-10-09T11:53:00.5871802Z compact-exact-import unity 'command' 'eval_file' '--caller' 'plugin' '--skill' 'unity-cli' '--project-path' 'C:\Users\jblic\Desktop\Bomb\.worktrees\blast-conformance-probe' '--format' 'json' '--' '--file' 'C:\Users\jblic\Desktop\Bomb\.worktrees\blast-conformance-probe\Docs\BlastConformanceEvidence\2026-10-09-revision-1\ImportChanges.cs' '--timeout' '20000'
2026-10-09T11:55:48.5762756Z compact-exact-compiler unity 'command' 'recompile_status' '--caller' 'plugin' '--skill' 'unity-cli' '--project-path' 'C:\Users\jblic\Desktop\Bomb\.worktrees\blast-conformance-probe' '--format' 'json'
2026-10-09T11:55:51.9511505Z compact-exact-edit-start unity 'command' 'run_tests' '--caller' 'plugin' '--skill' 'unity-cli' '--project-path' 'C:\Users\jblic\Desktop\Bomb\.worktrees\blast-conformance-probe' '--format' 'json' '--' '--mode' 'editor' '--filter' 'Bomb.CanonicalDestruction.EditModeTests' '--filter_type' 'assembly' '--async_tests' 'true' '--timeout' '300'
2026-10-09T11:58:23.8171717Z compact-exact-edit-status unity 'command' 'test_status' '--caller' 'plugin' '--skill' 'unity-cli' '--project-path' 'C:\Users\jblic\Desktop\Bomb\.worktrees\blast-conformance-probe' '--format' 'json'
2026-10-09T12:01:25.3140088Z contour-walk-import unity 'command' 'eval_file' '--caller' 'plugin' '--skill' 'unity-cli' '--project-path' 'C:\Users\jblic\Desktop\Bomb\.worktrees\blast-conformance-probe' '--format' 'json' '--' '--file' 'C:\Users\jblic\Desktop\Bomb\.worktrees\blast-conformance-probe\Docs\BlastConformanceEvidence\2026-10-09-revision-1\ImportChanges.cs' '--timeout' '20000'
2026-10-09T12:03:43.7681203Z contour-walk-compiler unity 'command' 'recompile_status' '--caller' 'plugin' '--skill' 'unity-cli' '--project-path' 'C:\Users\jblic\Desktop\Bomb\.worktrees\blast-conformance-probe' '--format' 'json'
2026-10-09T12:03:47.2815243Z contour-walk-edit-start unity 'command' 'run_tests' '--caller' 'plugin' '--skill' 'unity-cli' '--project-path' 'C:\Users\jblic\Desktop\Bomb\.worktrees\blast-conformance-probe' '--format' 'json' '--' '--mode' 'editor' '--filter' 'Bomb.CanonicalDestruction.EditModeTests' '--filter_type' 'assembly' '--async_tests' 'true' '--timeout' '300'
2026-10-09T12:06:17.0852612Z contour-walk-edit-status unity 'command' 'test_status' '--caller' 'plugin' '--skill' 'unity-cli' '--project-path' 'C:\Users\jblic\Desktop\Bomb\.worktrees\blast-conformance-probe' '--format' 'json'
2026-10-09T12:08:29.3136323Z split-contours-import unity 'command' 'eval_file' '--caller' 'plugin' '--skill' 'unity-cli' '--project-path' 'C:\Users\jblic\Desktop\Bomb\.worktrees\blast-conformance-probe' '--format' 'json' '--' '--file' 'C:\Users\jblic\Desktop\Bomb\.worktrees\blast-conformance-probe\Docs\BlastConformanceEvidence\2026-10-09-revision-1\ImportChanges.cs' '--timeout' '20000'
2026-10-09T12:10:38.2573165Z split-contours-compiler unity 'command' 'recompile_status' '--caller' 'plugin' '--skill' 'unity-cli' '--project-path' 'C:\Users\jblic\Desktop\Bomb\.worktrees\blast-conformance-probe' '--format' 'json'
2026-10-09T12:10:41.9387745Z layered-play-start unity 'command' 'run_tests' '--caller' 'plugin' '--skill' 'unity-cli' '--project-path' 'C:\Users\jblic\Desktop\Bomb\.worktrees\blast-conformance-probe' '--format' 'json' '--' '--mode' 'playmode' '--filter' 'Bomb.CanonicalDestruction.PlayModeTests' '--filter_type' 'assembly' '--async_tests' 'true' '--timeout' '300'
2026-10-09T12:14:51.7761299Z layered-play-status unity 'command' 'test_status' '--caller' 'plugin' '--skill' 'unity-cli' '--project-path' 'C:\Users\jblic\Desktop\Bomb\.worktrees\blast-conformance-probe' '--format' 'json'
2026-10-09T12:18:57.6710225Z uniform-pitch-import unity 'command' 'eval_file' '--caller' 'plugin' '--skill' 'unity-cli' '--project-path' 'C:\Users\jblic\Desktop\Bomb\.worktrees\blast-conformance-probe' '--format' 'json' '--' '--file' 'C:\Users\jblic\Desktop\Bomb\.worktrees\blast-conformance-probe\Docs\BlastConformanceEvidence\2026-10-09-revision-1\ImportChanges.cs' '--timeout' '20000'
2026-10-09T12:23:17.5445639Z uniform-pitch-compiled unity 'command' 'recompile_status' '--caller' 'plugin' '--skill' 'unity-cli' '--project-path' 'C:\Users\jblic\Desktop\Bomb\.worktrees\blast-conformance-probe' '--format' 'json'
2026-10-09T12:23:32.0778960Z uniform-pitch-play-start unity 'command' 'run_tests' '--caller' 'plugin' '--skill' 'unity-cli' '--project-path' 'C:\Users\jblic\Desktop\Bomb\.worktrees\blast-conformance-probe' '--format' 'json' '--' '--mode' 'playmode' '--filter' 'Bomb.CanonicalDestruction.PlayModeTests' '--filter_type' 'assembly' '--async_tests' 'true' '--timeout' '300'
2026-10-09T12:23:45.0512223Z uniform-pitch-play-status unity 'command' 'test_status' '--caller' 'plugin' '--skill' 'unity-cli' '--project-path' 'C:\Users\jblic\Desktop\Bomb\.worktrees\blast-conformance-probe' '--format' 'json'
2026-10-09T12:24:11.0088103Z uniform-pitch-play-status-2 unity 'command' 'test_status' '--caller' 'plugin' '--skill' 'unity-cli' '--project-path' 'C:\Users\jblic\Desktop\Bomb\.worktrees\blast-conformance-probe' '--format' 'json'
2026-10-09T12:24:54.0681368Z uniform-pitch-edit-start unity 'command' 'run_tests' '--caller' 'plugin' '--skill' 'unity-cli' '--project-path' 'C:\Users\jblic\Desktop\Bomb\.worktrees\blast-conformance-probe' '--format' 'json' '--' '--mode' 'editor' '--filter' 'Bomb.CanonicalDestruction.EditModeTests' '--filter_type' 'assembly' '--async_tests' 'true' '--timeout' '300'
2026-10-09T12:25:40.6087186Z uniform-pitch-edit-status unity 'command' 'test_status' '--caller' 'plugin' '--skill' 'unity-cli' '--project-path' 'C:\Users\jblic\Desktop\Bomb\.worktrees\blast-conformance-probe' '--format' 'json'
2026-10-09T12:31:17.7505202Z coalesced-import unity 'command' 'eval_file' '--caller' 'plugin' '--skill' 'unity-cli' '--project-path' 'C:\Users\jblic\Desktop\Bomb\.worktrees\blast-conformance-probe' '--format' 'json' '--' '--file' 'C:\Users\jblic\Desktop\Bomb\.worktrees\blast-conformance-probe\Docs\BlastConformanceEvidence\2026-10-09-revision-1\ImportChanges.cs' '--timeout' '20000'
2026-10-09T12:33:11.6885445Z coalesced-compiled unity 'command' 'recompile_status' '--caller' 'plugin' '--skill' 'unity-cli' '--project-path' 'C:\Users\jblic\Desktop\Bomb\.worktrees\blast-conformance-probe' '--format' 'json'
2026-10-09T12:33:49.2353177Z coalesced-compiled-2 unity 'command' 'recompile_status' '--caller' 'plugin' '--skill' 'unity-cli' '--project-path' 'C:\Users\jblic\Desktop\Bomb\.worktrees\blast-conformance-probe' '--format' 'json'
2026-10-09T12:34:04.7953417Z coalesced-edit-start unity 'command' 'run_tests' '--caller' 'plugin' '--skill' 'unity-cli' '--project-path' 'C:\Users\jblic\Desktop\Bomb\.worktrees\blast-conformance-probe' '--format' 'json' '--' '--mode' 'editor' '--filter' 'Bomb.CanonicalDestruction.EditModeTests' '--filter_type' 'assembly' '--async_tests' 'true' '--timeout' '300'
2026-10-09T12:34:33.9059296Z persistent-evidence-import unity 'command' 'eval_file' '--caller' 'plugin' '--skill' 'unity-cli' '--project-path' 'C:\Users\jblic\Desktop\Bomb\.worktrees\blast-conformance-probe' '--format' 'json' '--' '--file' 'C:\Users\jblic\Desktop\Bomb\.worktrees\blast-conformance-probe\Docs\BlastConformanceEvidence\2026-10-09-revision-1\ImportChanges.cs' '--timeout' '20000'
2026-10-09T12:35:11.6985579Z persistent-evidence-compiled unity 'command' 'recompile_status' '--caller' 'plugin' '--skill' 'unity-cli' '--project-path' 'C:\Users\jblic\Desktop\Bomb\.worktrees\blast-conformance-probe' '--format' 'json'
2026-10-09T12:35:27.1664530Z coalesced-edit-start-2 unity 'command' 'run_tests' '--caller' 'plugin' '--skill' 'unity-cli' '--project-path' 'C:\Users\jblic\Desktop\Bomb\.worktrees\blast-conformance-probe' '--format' 'json' '--' '--mode' 'editor' '--filter' 'Bomb.CanonicalDestruction.EditModeTests' '--filter_type' 'assembly' '--async_tests' 'true' '--timeout' '300'
2026-10-09T12:35:48.3833244Z coalesced-edit-status unity 'command' 'test_status' '--caller' 'plugin' '--skill' 'unity-cli' '--project-path' 'C:\Users\jblic\Desktop\Bomb\.worktrees\blast-conformance-probe' '--format' 'json'
2026-10-09T12:36:12.7359024Z coalesced-edit-status-2 unity 'command' 'test_status' '--caller' 'plugin' '--skill' 'unity-cli' '--project-path' 'C:\Users\jblic\Desktop\Bomb\.worktrees\blast-conformance-probe' '--format' 'json'
2026-10-09T12:36:35.3047001Z coalesced-play-start unity 'command' 'run_tests' '--caller' 'plugin' '--skill' 'unity-cli' '--project-path' 'C:\Users\jblic\Desktop\Bomb\.worktrees\blast-conformance-probe' '--format' 'json' '--' '--mode' 'playmode' '--filter' 'Bomb.CanonicalDestruction.PlayModeTests' '--filter_type' 'assembly' '--async_tests' 'true' '--timeout' '300'
2026-10-09T12:37:24.1797354Z coalesced-play-status unity 'command' 'test_status' '--caller' 'plugin' '--skill' 'unity-cli' '--project-path' 'C:\Users\jblic\Desktop\Bomb\.worktrees\blast-conformance-probe' '--format' 'json'
2026-10-09T12:40:05.7256873Z bounded-support-import unity 'command' 'eval_file' '--caller' 'plugin' '--skill' 'unity-cli' '--project-path' 'C:\Users\jblic\Desktop\Bomb\.worktrees\blast-conformance-probe' '--format' 'json' '--' '--file' 'C:\Users\jblic\Desktop\Bomb\.worktrees\blast-conformance-probe\Docs\BlastConformanceEvidence\2026-10-09-revision-1\ImportChanges.cs' '--timeout' '20000'
2026-10-09T12:41:02.1230070Z bounded-support-compiled unity 'command' 'recompile_status' '--caller' 'plugin' '--skill' 'unity-cli' '--project-path' 'C:\Users\jblic\Desktop\Bomb\.worktrees\blast-conformance-probe' '--format' 'json'
2026-10-09T12:41:25.9691666Z bounded-support-play-start unity 'command' 'run_tests' '--caller' 'plugin' '--skill' 'unity-cli' '--project-path' 'C:\Users\jblic\Desktop\Bomb\.worktrees\blast-conformance-probe' '--format' 'json' '--' '--mode' 'playmode' '--filter' 'Bomb.CanonicalDestruction.PlayModeTests' '--filter_type' 'assembly' '--async_tests' 'true' '--timeout' '300'
2026-10-09T12:42:37.0513096Z bounded-support-play-status unity 'command' 'test_status' '--caller' 'plugin' '--skill' 'unity-cli' '--project-path' 'C:\Users\jblic\Desktop\Bomb\.worktrees\blast-conformance-probe' '--format' 'json'
2026-10-09T12:43:46.4927679Z measured-mass-import unity 'command' 'eval_file' '--caller' 'plugin' '--skill' 'unity-cli' '--project-path' 'C:\Users\jblic\Desktop\Bomb\.worktrees\blast-conformance-probe' '--format' 'json' '--' '--file' 'C:\Users\jblic\Desktop\Bomb\.worktrees\blast-conformance-probe\Docs\BlastConformanceEvidence\2026-10-09-revision-1\ImportChanges.cs' '--timeout' '20000'
2026-10-09T12:44:29.2054382Z measured-mass-compile-request unity 'command' 'recompile' '--caller' 'plugin' '--skill' 'unity-cli' '--project-path' 'C:\Users\jblic\Desktop\Bomb\.worktrees\blast-conformance-probe' '--format' 'json'
2026-10-09T12:44:50.9418876Z final-compiler unity 'command' 'recompile_status' '--caller' 'plugin' '--skill' 'unity-cli' '--project-path' 'C:\Users\jblic\Desktop\Bomb\.worktrees\blast-conformance-probe' '--format' 'json'
2026-10-09T12:44:51.9456094Z final-play-start unity 'command' 'run_tests' '--caller' 'plugin' '--skill' 'unity-cli' '--project-path' 'C:\Users\jblic\Desktop\Bomb\.worktrees\blast-conformance-probe' '--format' 'json' '--' '--mode' 'playmode' '--filter' 'Bomb.CanonicalDestruction.PlayModeTests' '--filter_type' 'assembly' '--async_tests' 'true' '--timeout' '300'
2026-10-09T12:45:37.7127266Z final-play-status unity 'command' 'test_status' '--caller' 'plugin' '--skill' 'unity-cli' '--project-path' 'C:\Users\jblic\Desktop\Bomb\.worktrees\blast-conformance-probe' '--format' 'json'
2026-10-09T12:48:15.3994529Z restarted-final-compiler unity 'command' 'recompile_status' '--caller' 'plugin' '--skill' 'unity-cli' '--project-path' 'C:\Users\jblic\Desktop\Bomb\.worktrees\blast-conformance-probe' '--format' 'json'
2026-10-09T12:50:48.1242026Z restarted-final-compiler-2 unity 'command' 'recompile_status' '--caller' 'plugin' '--skill' 'unity-cli' '--project-path' 'C:\Users\jblic\Desktop\Bomb\.worktrees\blast-conformance-probe' '--format' 'json'
2026-10-09T12:51:29.7958567Z restarted-final-compiler-3 unity 'command' 'recompile_status' '--caller' 'plugin' '--skill' 'unity-cli' '--project-path' 'C:\Users\jblic\Desktop\Bomb\.worktrees\blast-conformance-probe' '--format' 'json'
2026-10-09T12:52:43.8350261Z restarted-final-compiler-4 unity 'command' 'recompile_status' '--caller' 'plugin' '--skill' 'unity-cli' '--project-path' 'C:\Users\jblic\Desktop\Bomb\.worktrees\blast-conformance-probe' '--format' 'json'
2026-10-09T12:52:44.8463479Z review-play-start unity 'command' 'run_tests' '--caller' 'plugin' '--skill' 'unity-cli' '--project-path' 'C:\Users\jblic\Desktop\Bomb\.worktrees\blast-conformance-probe' '--format' 'json' '--' '--mode' 'playmode' '--filter' 'Bomb.CanonicalDestruction.PlayModeTests' '--filter_type' 'assembly' '--async_tests' 'true' '--timeout' '300'
2026-10-09T12:53:57.5068153Z review-play-status-1 unity 'command' 'test_status' '--caller' 'plugin' '--skill' 'unity-cli' '--project-path' 'C:\Users\jblic\Desktop\Bomb\.worktrees\blast-conformance-probe' '--format' 'json'
2026-10-09T12:54:36.7861708Z review-edit-start unity 'command' 'run_tests' '--caller' 'plugin' '--skill' 'unity-cli' '--project-path' 'C:\Users\jblic\Desktop\Bomb\.worktrees\blast-conformance-probe' '--format' 'json' '--' '--mode' 'editor' '--filter' 'Bomb.CanonicalDestruction.EditModeTests' '--filter_type' 'assembly' '--async_tests' 'true' '--timeout' '300'
2026-10-09T12:55:23.5002387Z review-edit-status-1 unity 'command' 'test_status' '--caller' 'plugin' '--skill' 'unity-cli' '--project-path' 'C:\Users\jblic\Desktop\Bomb\.worktrees\blast-conformance-probe' '--format' 'json'
2026-10-09T12:56:03.8641560Z benchmark unity 'command' 'eval_file' '--caller' 'plugin' '--skill' 'unity-cli' '--project-path' 'C:\Users\jblic\Desktop\Bomb\.worktrees\blast-conformance-probe' '--format' 'json' '--' '--file' 'C:\Users\jblic\Desktop\Bomb\.worktrees\blast-conformance-probe\Docs\BlastConformanceEvidence\2026-10-09-revision-1\Benchmark.cs' '--timeout' '120000'
2026-10-09T12:59:08.3699878Z review-console-counts unity 'command' 'console_status' '--caller' 'plugin' '--skill' 'unity-cli' '--project-path' 'C:\Users\jblic\Desktop\Bomb\.worktrees\blast-conformance-probe' '--format' 'json'
2026-10-09T12:59:09.4452700Z before-cleanup-editor-state unity 'command' 'eval_file' '--caller' 'plugin' '--skill' 'unity-cli' '--project-path' 'C:\Users\jblic\Desktop\Bomb\.worktrees\blast-conformance-probe' '--format' 'json' '--' '--file' 'C:\Users\jblic\Desktop\Bomb\.worktrees\blast-conformance-probe\Docs\BlastConformanceEvidence\2026-10-09-revision-1\FinalEditorState.cs' '--timeout' '20000'
2026-10-09T13:02:51.0876950Z restore-editor unity 'command' 'eval_file' '--caller' 'plugin' '--skill' 'unity-cli' '--project-path' 'C:\Users\jblic\Desktop\Bomb\.worktrees\blast-conformance-probe' '--format' 'json' '--' '--file' 'C:\Users\jblic\Desktop\Bomb\.worktrees\blast-conformance-probe\Docs\BlastConformanceEvidence\2026-10-09-revision-1\RestoreEditorState.cs' '--timeout' '20000'
2026-10-09T13:10:33.5196884Z final-editor-state unity 'command' 'eval_file' '--caller' 'plugin' '--skill' 'unity-cli' '--project-path' 'C:\Users\jblic\Desktop\Bomb\.worktrees\blast-conformance-probe' '--format' 'json' '--' '--file' 'C:\Users\jblic\Desktop\Bomb\.worktrees\blast-conformance-probe\Docs\BlastConformanceEvidence\2026-10-09-revision-1\FinalEditorState.cs' '--timeout' '20000'
2026-10-09T13:10:34.5686583Z final-compiler-state unity 'command' 'recompile_status' '--caller' 'plugin' '--skill' 'unity-cli' '--project-path' 'C:\Users\jblic\Desktop\Bomb\.worktrees\blast-conformance-probe' '--format' 'json'
2026-10-09T13:10:35.4465844Z final-console-counts unity 'command' 'console_status' '--caller' 'plugin' '--skill' 'unity-cli' '--project-path' 'C:\Users\jblic\Desktop\Bomb\.worktrees\blast-conformance-probe' '--format' 'json'
2026-10-09T13:10:36.3975229Z final-console unity 'command' 'console' '--caller' 'plugin' '--skill' 'unity-cli' '--project-path' 'C:\Users\jblic\Desktop\Bomb\.worktrees\blast-conformance-probe' '--format' 'json' '--' '--tail' '200' '--level' 'warn'
